// Vitest Snapshot v1, https://vitest.dev/guide/snapshot.html

exports[`Container > renders 1`] = `
<DocumentFragment>
  <div
    class="max-w-7xl mx-auto"
  >
    Hello World!
  </div>
</DocumentFragment>
`;
